// Jest Snapshot v1, https://goo.gl/fbAQLP

exports[`FormRow renders correctly 1`] = `[Function]`;
